{"level":"info","ts":"2022-05-31T17:56:28.989+0800","msg":"查询成功","货币Id":"30","交易费用":"0"}
